// Jest Snapshot v1, https://goo.gl/fbAQLP

exports[`movieGrid Test renders App  1`] = `
<div>
  <div
    className="backgroundImage"
  />
  <Provider
    store={
      Object {
        "dispatch": [Function],
        "getState": [Function],
        "replaceReducer": [Function],
        "subscribe": [Function],
        Symbol(observable): [Function],
      }
    }
  >
    <Connect(MainComponent) />
  </Provider>
</div>
`;
